[cloudera@quickstart ~]$ hive

Logging initialized using configuration in file:/etc/hive/conf.dist/hive-log4j.properties
hive> show databases;
OK
abc
default
dvs
dvs1
dvs11
dvs88
dvs_apr
dvs_dec
dvs_feb17
dvs_jun
dvs_june
dvs_mar17
dvs_may
dvs_nov
dvs_nov_wknd
sjc
test
xyz
xyz11
Time taken: 0.362 seconds, Fetched: 19 row(s)
hive> create database if not exists a;
OK
Time taken: 0.82 seconds
hive> use a;
OK
Time taken: 0.025 seconds
hive> create table if not exists emp(empno int, ename string, sal float, comm float, dpno int) row format delimited fields terminated by ',’;
MismatchedTokenException(10!=298)
	at org.antlr.runtime.BaseRecognizer.recoverFromMismatchedToken(BaseRecognizer.java:617)
	at org.antlr.runtime.BaseRecognizer.match(BaseRecognizer.java:115)
	at org.apache.hadoop.hive.ql.parse.HiveParser.tableRowFormatFieldIdentifier(HiveParser.java:31777)
	at org.apache.hadoop.hive.ql.parse.HiveParser.rowFormatDelimited(HiveParser.java:30730)
	at org.apache.hadoop.hive.ql.parse.HiveParser.tableRowFormat(HiveParser.java:31006)
	at org.apache.hadoop.hive.ql.parse.HiveParser.createTableStatement(HiveParser.java:4677)
	at org.apache.hadoop.hive.ql.parse.HiveParser.ddlStatement(HiveParser.java:2138)
	at org.apache.hadoop.hive.ql.parse.HiveParser.execStatement(HiveParser.java:1392)
	at org.apache.hadoop.hive.ql.parse.HiveParser.statement(HiveParser.java:1030)
	at org.apache.hadoop.hive.ql.parse.ParseDriver.parse(ParseDriver.java:199)
	at org.apache.hadoop.hive.ql.parse.ParseDriver.parse(ParseDriver.java:166)
	at org.apache.hadoop.hive.ql.Driver.compile(Driver.java:417)
	at org.apache.hadoop.hive.ql.Driver.compile(Driver.java:335)
	at org.apache.hadoop.hive.ql.Driver.compileInternal(Driver.java:1026)
	at org.apache.hadoop.hive.ql.Driver.runInternal(Driver.java:1091)
	at org.apache.hadoop.hive.ql.Driver.run(Driver.java:962)
	at org.apache.hadoop.hive.ql.Driver.run(Driver.java:952)
	at org.apache.hadoop.hive.cli.CliDriver.processLocalCmd(CliDriver.java:269)
	at org.apache.hadoop.hive.cli.CliDriver.processCmd(CliDriver.java:221)
	at org.apache.hadoop.hive.cli.CliDriver.processLine(CliDriver.java:431)
	at org.apache.hadoop.hive.cli.CliDriver.executeDriver(CliDriver.java:800)
	at org.apache.hadoop.hive.cli.CliDriver.run(CliDriver.java:694)
	at org.apache.hadoop.hive.cli.CliDriver.main(CliDriver.java:633)
	at sun.reflect.NativeMethodAccessorImpl.invoke0(Native Method)
	at sun.reflect.NativeMethodAccessorImpl.invoke(NativeMethodAccessorImpl.java:57)
	at sun.reflect.DelegatingMethodAccessorImpl.invoke(DelegatingMethodAccessorImpl.java:43)
	at java.lang.reflect.Method.invoke(Method.java:606)
	at org.apache.hadoop.util.RunJar.main(RunJar.java:212)
FAILED: ParseException line 1:132 mismatched input ',' expecting StringLiteral near 'by' in table row format's field separator
hive> create table if not exists emp(empno int, ename string, sal float, comm float, dpno int) row format delimited fields terminated by ',’;
MismatchedTokenException(10!=298)
	at org.antlr.runtime.BaseRecognizer.recoverFromMismatchedToken(BaseRecognizer.java:617)
	at org.antlr.runtime.BaseRecognizer.match(BaseRecognizer.java:115)
	at org.apache.hadoop.hive.ql.parse.HiveParser.tableRowFormatFieldIdentifier(HiveParser.java:31777)
	at org.apache.hadoop.hive.ql.parse.HiveParser.rowFormatDelimited(HiveParser.java:30730)
	at org.apache.hadoop.hive.ql.parse.HiveParser.tableRowFormat(HiveParser.java:31006)
	at org.apache.hadoop.hive.ql.parse.HiveParser.createTableStatement(HiveParser.java:4677)
	at org.apache.hadoop.hive.ql.parse.HiveParser.ddlStatement(HiveParser.java:2138)
	at org.apache.hadoop.hive.ql.parse.HiveParser.execStatement(HiveParser.java:1392)
	at org.apache.hadoop.hive.ql.parse.HiveParser.statement(HiveParser.java:1030)
	at org.apache.hadoop.hive.ql.parse.ParseDriver.parse(ParseDriver.java:199)
	at org.apache.hadoop.hive.ql.parse.ParseDriver.parse(ParseDriver.java:166)
	at org.apache.hadoop.hive.ql.Driver.compile(Driver.java:417)
	at org.apache.hadoop.hive.ql.Driver.compile(Driver.java:335)
	at org.apache.hadoop.hive.ql.Driver.compileInternal(Driver.java:1026)
	at org.apache.hadoop.hive.ql.Driver.runInternal(Driver.java:1091)
	at org.apache.hadoop.hive.ql.Driver.run(Driver.java:962)
	at org.apache.hadoop.hive.ql.Driver.run(Driver.java:952)
	at org.apache.hadoop.hive.cli.CliDriver.processLocalCmd(CliDriver.java:269)
	at org.apache.hadoop.hive.cli.CliDriver.processCmd(CliDriver.java:221)
	at org.apache.hadoop.hive.cli.CliDriver.processLine(CliDriver.java:431)
	at org.apache.hadoop.hive.cli.CliDriver.executeDriver(CliDriver.java:800)
	at org.apache.hadoop.hive.cli.CliDriver.run(CliDriver.java:694)
	at org.apache.hadoop.hive.cli.CliDriver.main(CliDriver.java:633)
	at sun.reflect.NativeMethodAccessorImpl.invoke0(Native Method)
	at sun.reflect.NativeMethodAccessorImpl.invoke(NativeMethodAccessorImpl.java:57)
	at sun.reflect.DelegatingMethodAccessorImpl.invoke(DelegatingMethodAccessorImpl.java:43)
	at java.lang.reflect.Method.invoke(Method.java:606)
	at org.apache.hadoop.util.RunJar.main(RunJar.java:212)
FAILED: ParseException line 1:132 mismatched input ',' expecting StringLiteral near 'by' in table row format's field separator
hive> create table if not exists emp(empno int, ename string, sal float, comm float, dpno int) row format delimited fields terminated by ',’;
MismatchedTokenException(10!=298)
	at org.antlr.runtime.BaseRecognizer.recoverFromMismatchedToken(BaseRecognizer.java:617)
	at org.antlr.runtime.BaseRecognizer.match(BaseRecognizer.java:115)
	at org.apache.hadoop.hive.ql.parse.HiveParser.tableRowFormatFieldIdentifier(HiveParser.java:31777)
	at org.apache.hadoop.hive.ql.parse.HiveParser.rowFormatDelimited(HiveParser.java:30730)
	at org.apache.hadoop.hive.ql.parse.HiveParser.tableRowFormat(HiveParser.java:31006)
	at org.apache.hadoop.hive.ql.parse.HiveParser.createTableStatement(HiveParser.java:4677)
	at org.apache.hadoop.hive.ql.parse.HiveParser.ddlStatement(HiveParser.java:2138)
	at org.apache.hadoop.hive.ql.parse.HiveParser.execStatement(HiveParser.java:1392)
	at org.apache.hadoop.hive.ql.parse.HiveParser.statement(HiveParser.java:1030)
	at org.apache.hadoop.hive.ql.parse.ParseDriver.parse(ParseDriver.java:199)
	at org.apache.hadoop.hive.ql.parse.ParseDriver.parse(ParseDriver.java:166)
	at org.apache.hadoop.hive.ql.Driver.compile(Driver.java:417)
	at org.apache.hadoop.hive.ql.Driver.compile(Driver.java:335)
	at org.apache.hadoop.hive.ql.Driver.compileInternal(Driver.java:1026)
	at org.apache.hadoop.hive.ql.Driver.runInternal(Driver.java:1091)
	at org.apache.hadoop.hive.ql.Driver.run(Driver.java:962)
	at org.apache.hadoop.hive.ql.Driver.run(Driver.java:952)
	at org.apache.hadoop.hive.cli.CliDriver.processLocalCmd(CliDriver.java:269)
	at org.apache.hadoop.hive.cli.CliDriver.processCmd(CliDriver.java:221)
	at org.apache.hadoop.hive.cli.CliDriver.processLine(CliDriver.java:431)
	at org.apache.hadoop.hive.cli.CliDriver.executeDriver(CliDriver.java:800)
	at org.apache.hadoop.hive.cli.CliDriver.run(CliDriver.java:694)
	at org.apache.hadoop.hive.cli.CliDriver.main(CliDriver.java:633)
	at sun.reflect.NativeMethodAccessorImpl.invoke0(Native Method)
	at sun.reflect.NativeMethodAccessorImpl.invoke(NativeMethodAccessorImpl.java:57)
	at sun.reflect.DelegatingMethodAccessorImpl.invoke(DelegatingMethodAccessorImpl.java:43)
	at java.lang.reflect.Method.invoke(Method.java:606)
	at org.apache.hadoop.util.RunJar.main(RunJar.java:212)
FAILED: ParseException line 1:132 mismatched input ',' expecting StringLiteral near 'by' in table row format's field separator
hive> create table if not exists emp(empno int, ename string, sal float, comm float, dpno int) row format delimited fields terminated by ',';
OK
Time taken: 0.339 seconds
hive> describe emp
    > ;
OK
empno               	int                 	                    
ename               	string              	                    
sal                 	float               	                    
comm                	float               	                    
dpno                	int                 	                    
Time taken: 0.191 seconds, Fetched: 5 row(s)
hive> select * from emp
    > ;
OK
Time taken: 0.819 seconds
hive> load data local inpath '/home/cloudera/Desktop/emp.csv' into table emp;
Copying data from file:/home/cloudera/Desktop/emp.csv
Copying file: file:/home/cloudera/Desktop/emp.csv
Loading data to table a.emp
Table a.emp stats: [numFiles=1, numRows=0, totalSize=445, rawDataSize=0]
OK
Time taken: 0.844 seconds
hive> select * from emp;
OK
NULL	ename	NULL	NULL	NULL
7839	KING	NULL	5000.0	NULL
7782	CLARK	NULL	2450.0	NULL
7934	MILLER	NULL	1300.0	NULL
7369	SMITH	NULL	800.0	NULL
7566	JONES	NULL	2975.0	NULL
7876	ADAMS	NULL	1100.0	NULL
7902	FORD	NULL	3000.0	NULL
7788	SCOTT	NULL	3000.0	NULL
7499	ALLEN	NULL	1600.0	300
7844	TURNER	NULL	1500.0	0
7900	JAMES	NULL	950.0	NULL
7698	BLAKE	NULL	2850.0	NULL
7654	MARTIN	NULL	1250.0	1400
7521	WARD	NULL	1250.0	500
Time taken: 0.174 seconds, Fetched: 15 row(s)
hive> create external table if not exists emp(empno int, ename string, sal float, comm float, dpno int) row format delimited fields terminated by ',' location '/user/cloudera/dan/emp1';
OK
Time taken: 0.025 seconds
hive> load data local inpath '/home/cloudera/Desktop/emp.csv' into table emp1;                                                                                                           
